my_function ok
my_function ok
my_function ok
my_function ok
test_func ok
test_func ok
test_func ok
